error: wildcard dependency for `regex`
   |
   = note: `-D clippy::wildcard-dependencies` implied by `-D warnings`

error: aborting due to previous error

